<?xml version="1.0" encoding="UTF-8"?>
<TestRun id="52a7500d-8952-4eec-a50a-ff0275654174" name="Niv@NIV-PC 2011-03-29 00:26:55" runUser="NIV-PC\Niv" xmlns="http://microsoft.com/schemas/VisualStudio/TeamTest/2010">
  <TestSettings name="Local" id="63723a02-38f4-439e-ac38-8218947bc97b">
    <Description>These are default test settings for a local test run.</Description>
    <Deployment enabled="false" runDeploymentRoot="Niv_NIV-PC 2011-03-29 00_26_55">
      <DeploymentItem filename="d:\my documents\visual studio 2010\Projects\ForumSever\ForumSever\bin\Debug\ForumSever.exe" />
    </Deployment>
    <Execution>
      <TestTypeSpecific />
      <AgentRule name="Execution Agents">
      </AgentRule>
    </Execution>
  </TestSettings>
  <Times creation="2011-03-29T00:26:55.8593750+02:00" queuing="2011-03-29T00:26:55.9218750+02:00" start="2011-03-29T00:26:55.9375000+02:00" finish="2011-03-29T00:26:56.3281250+02:00" />
  <ResultSummary outcome="Completed">
    <Counters total="1" executed="1" passed="1" error="0" failed="0" timeout="0" aborted="0" inconclusive="0" passedButRunAborted="0" notRunnable="0" notExecuted="0" disconnected="0" warning="0" completed="0" inProgress="0" pending="0" />
  </ResultSummary>
  <TestDefinitions>
    <UnitTest name="DataBaseTests" storage="d:\my documents\visual studio 2010\projects\forumsever\forumservertest\bin\debug\forumservertest.dll" id="05cc5ac8-6aea-a638-bc18-4a0c624e10b1">
      <Execution id="bed8ad72-eec5-4720-b17a-b42901811390" />
      <TestMethod codeBase="d:/my documents/visual studio 2010/Projects/ForumSever/ForumServerTest/bin/Debug/ForumServerTest.DLL" adapterTypeName="Microsoft.VisualStudio.TestTools.TestTypes.Unit.UnitTestAdapter, Microsoft.VisualStudio.QualityTools.Tips.UnitTest.Adapter, Version=10.0.0.0, Culture=neutral, PublicKeyToken=b03f5f7f11d50a3a" className="ForumServerTest.ForumServerTest, ForumServerTest, Version=1.0.0.0, Culture=neutral, PublicKeyToken=null" name="DataBaseTests" />
    </UnitTest>
  </TestDefinitions>
  <TestLists>
    <TestList name="Results Not in a List" id="8c84fa94-04c1-424b-9868-57a2d4851a1d" />
    <TestList name="All Loaded Results" id="19431567-8539-422a-85d7-44ee4e166bda" />
  </TestLists>
  <TestEntries>
    <TestEntry testId="05cc5ac8-6aea-a638-bc18-4a0c624e10b1" executionId="bed8ad72-eec5-4720-b17a-b42901811390" testListId="8c84fa94-04c1-424b-9868-57a2d4851a1d" />
  </TestEntries>
  <Results>
    <UnitTestResult executionId="bed8ad72-eec5-4720-b17a-b42901811390" testId="05cc5ac8-6aea-a638-bc18-4a0c624e10b1" testName="DataBaseTests" computerName="NIV-PC" duration="00:00:00.0379601" startTime="2011-03-29T00:26:55.9375000+02:00" endTime="2011-03-29T00:26:56.3125000+02:00" testType="13cdc9d9-ddb5-4fa4-a97d-d965ccfc6d4b" outcome="Passed" testListId="8c84fa94-04c1-424b-9868-57a2d4851a1d" relativeResultsDirectory="bed8ad72-eec5-4720-b17a-b42901811390">
    </UnitTestResult>
  </Results>
</TestRun>